\BOOKMARK [1][-]{section.1}{\376\377\176\352\213\272}{}% 1
\BOOKMARK [2][-]{subsection.1.1}{\376\377\170\024\172\166\200\314\146\157\116\016\225\356\230\230\141\017\116\111}{section.1}% 2
\BOOKMARK [2][-]{subsection.1.2}{\376\377\225\356\230\230\221\315\217\360}{section.1}% 3
\BOOKMARK [2][-]{subsection.1.3}{\376\377\136\372\152\041\226\276\160\271\116\016\211\343\121\263\173\126\165\145}{section.1}% 4
\BOOKMARK [1][-]{section.2}{\376\377\140\073\117\123\136\372\152\041\150\106\147\266}{}% 5
\BOOKMARK [2][-]{subsection.2.1}{\376\377\122\006\134\102\123\117\124\014\176\323\147\204}{section.2}% 6
\BOOKMARK [2][-]{subsection.2.2}{\376\377\176\337\116\000\120\107\213\276\116\016\173\046\123\367}{section.2}% 7
\BOOKMARK [2][-]{subsection.2.3}{\376\377\213\304\116\367\143\007\150\007\166\204\176\337\116\000\133\232\116\111}{section.2}% 8
\BOOKMARK [2][-]{subsection.2.4}{\376\377\154\102\211\343\123\302\145\160\116\016\131\015\163\260\133\236\232\214\213\276\177\156}{section.2}% 9
\BOOKMARK [1][-]{section.3}{\376\377\121\161\165\050\215\357\177\121\060\001\215\104\156\220\116\016\217\320\122\250\143\247\122\066\152\041\127\213}{}% 10
\BOOKMARK [2][-]{subsection.3.1}{\376\377\117\115\177\156\141\037\167\345\147\011\124\021\215\357\137\204}{section.3}% 11
\BOOKMARK [2][-]{subsection.3.2}{\376\377\116\373\122\241\116\016\116\222\145\245\215\104\156\220\176\246\147\137}{section.3}% 12
\BOOKMARK [2][-]{subsection.3.3}{\376\377\121\300\172\172\123\026\173\200\116\016\122\066\122\250\220\037\136\246\116\012\165\114}{section.3}% 13
\BOOKMARK [2][-]{subsection.3.4}{\376\377\133\211\121\150\220\037\136\246\166\204\142\113\173\227\135\345\121\265\171\072\117\213}{section.3}% 14
\BOOKMARK [2][-]{subsection.3.5}{\376\377\153\145\121\205\217\336\176\355\121\300\172\172\232\214\213\301}{section.3}% 15
\BOOKMARK [2][-]{subsection.3.6}{\376\377\122\006\134\102\154\102\211\343\166\204\211\304\152\041\123\026\173\200}{section.3}% 16
\BOOKMARK [1][-]{section.4}{\376\377\225\356\230\230\116\000\377\032\227\131\140\001\116\373\122\241\122\006\221\115\116\016\123\117\124\014\217\320\210\114}{}% 17
\BOOKMARK [2][-]{subsection.4.1}{\376\377\152\041\127\213\220\011\142\351\164\006\165\061}{section.4}% 18
\BOOKMARK [2][-]{subsection.4.2}{\376\377\227\131\140\001\000\040\000P\000D\000V\000R\000P\000-\000R\000C\000\040\152\041\127\213}{section.4}% 19
\BOOKMARK [2][-]{subsection.4.3}{\376\377\000A\000L\000N\000S\000\040\154\102\211\343\217\307\172\013}{section.4}% 20
\BOOKMARK [2][-]{subsection.4.4}{\376\377\173\227\154\325\153\324\217\203\116\016\176\323\147\234}{section.4}% 21
\BOOKMARK [1][-]{section.5}{\376\377\225\356\230\230\116\214\377\032\0001\0009\0000\000\040\230\171\122\250\140\001\116\373\122\241\127\050\176\277\214\003\136\246}{}% 22
\BOOKMARK [2][-]{subsection.5.1}{\376\377\127\050\176\277\162\266\140\001\116\016\152\041\127\213\220\011\142\351}{section.5}% 23
\BOOKMARK [2][-]{subsection.5.2}{\376\377\156\332\122\250\142\315\123\126\142\245\116\367\123\312\123\026\173\200}{section.5}% 24
\BOOKMARK [2][-]{subsection.5.3}{\376\377\116\213\116\366\211\346\123\321\116\016\172\063\133\232\147\072\122\066}{section.5}% 25
\BOOKMARK [2][-]{subsection.5.4}{\376\377\173\227\154\325\153\324\217\203\116\016\153\143\137\017\176\323\147\234}{section.5}% 26
\BOOKMARK [1][-]{section.6}{\376\377\225\356\230\230\116\011\377\032\232\330\215\037\217\175\122\250\140\001\116\373\122\241\123\117\124\014\214\003\136\246}{}% 27
\BOOKMARK [2][-]{subsection.6.1}{\376\377\232\330\133\306\127\072\146\157\162\171\137\201\116\016\153\143\137\017\152\041\127\213}{section.6}% 28
\BOOKMARK [2][-]{subsection.6.2}{\376\377\123\213\122\233\141\037\167\345\116\016\137\256\142\171\120\031\220\011}{section.6}% 29
\BOOKMARK [2][-]{subsection.6.3}{\376\377\120\031\220\011\153\324\217\203\116\016\170\154\225\350\155\330\154\160}{section.6}% 30
\BOOKMARK [2][-]{subsection.6.4}{\376\377\153\143\137\017\176\323\147\234\116\016\215\037\217\175\137\161\124\315\122\006\147\220}{section.6}% 31
\BOOKMARK [1][-]{section.7}{\376\377\152\041\127\213\232\214\213\301\116\016\176\323\147\234\123\357\117\341\136\246}{}% 32
\BOOKMARK [2][-]{subsection.7.1}{\376\377\176\337\116\000\170\154\176\246\147\137\133\241\213\241}{section.7}% 33
\BOOKMARK [2][-]{subsection.7.2}{\376\377\127\050\176\277\117\341\140\157\226\224\171\273\116\016\217\223\121\372\116\000\201\364\140\047}{section.7}% 34
\BOOKMARK [2][-]{subsection.7.3}{\376\377\133\211\121\150\210\325\221\317\116\016\213\357\135\356\117\040\144\255\122\006\147\220}{section.7}% 35
\BOOKMARK [2][-]{subsection.7.4}{\376\377\176\323\147\234\123\357\221\315\131\015\140\047\116\016\217\271\165\114}{section.7}% 36
\BOOKMARK [1][-]{section.8}{\376\377\152\041\127\213\213\304\116\367\116\016\145\071\217\333}{}% 37
\BOOKMARK [2][-]{subsection.8.1}{\376\377\152\041\127\213\117\030\160\271}{section.8}% 38
\BOOKMARK [2][-]{subsection.8.2}{\376\377\134\100\226\120\116\016\145\071\217\333}{section.8}% 39
\BOOKMARK [1][-]{section.9}{\376\377\176\323\213\272}{}% 40
