**
(main.tex
LaTeX2e <2021-11-15> patch level 1
L3 programming layer <2022-02-24> (ctexart.cls (ctexbackend.cfg
File: ctexbackend.cfg 2021/12/12 v2.5.8 Backend configuration file (CTEX)
) (expl3.sty
Package: expl3 2022-02-24 L3 programming layer (loader) 

(l3backend-xetex.def
File: l3backend-xetex.def 2022-02-07 L3 backend support: XeTeX
\c__kernel_sys_dvipdfmx_version_int=\count181
\l__color_backend_stack_int=\count182
\g__color_backend_stack_int=\count183
\g__graphics_track_int=\count184
\l__pdf_internal_box=\box50
\g__pdf_backend_object_int=\count185
\g__pdf_backend_annotation_int=\count186
\g__pdf_backend_link_int=\count187
))
Document Class: ctexart 2021/12/12 v2.5.8 Chinese adapter for class article (CT
EX)
(xparse.sty
Package: xparse 2022-01-12 L3 Experimental document command parser
) (l3keys2e.sty
Package: l3keys2e 2022-01-12 LaTeX2e option processing using LaTeX3 keys
) (ctexhook.sty
Package: ctexhook 2021/12/12 v2.5.8 Document and package hooks (CTEX)
) (ctexpatch.sty
Package: ctexpatch 2021/12/12 v2.5.8 Patching commands (CTEX)
) (fix-cm.sty
Package: fix-cm 2020/11/24 v1.1t fixes to LaTeX

(ts1enc.def
File: ts1enc.def 2001/06/05 v3.0e (jk/car/fm) Standard LaTeX file
LaTeX Font Info:    Redeclaring font encoding TS1 on input line 47.
))
\l__ctex_tmp_int=\count188
\l__ctex_tmp_box=\box51
\l__ctex_tmp_dim=\dimen138
\g__ctex_section_depth_int=\count189
\g__ctex_font_size_int=\count190
 (ctexopts.cfg
File: ctexopts.cfg 2021/12/12 v2.5.8 Option configuration file (CTEX)
) (article.cls
Document Class: article 2021/10/04 v1.4n Standard LaTeX document class
(size10.clo
File: size10.clo 2021/10/04 v1.4n Standard LaTeX file (size option)
)
\c@part=\count191
\c@section=\count192
\c@subsection=\count193
\c@subsubsection=\count194
\c@paragraph=\count195
\c@subparagraph=\count196
\c@figure=\count197
\c@table=\count198
\abovecaptionskip=\skip47
\belowcaptionskip=\skip48
\bibindent=\dimen139
) (ctex-engine-xetex.def
File: ctex-engine-xetex.def 2021/12/12 v2.5.8 XeLaTeX adapter (CTEX)
 (xeCJK.sty
Package: xeCJK 2021/12/12 v3.8.8 Typesetting CJK scripts with XeLaTeX
 (xtemplate.sty
Package: xtemplate 2022-01-12 L3 Experimental prototype document functions
\l__xtemplate_tmp_dim=\dimen140
\l__xtemplate_tmp_int=\count199
\l__xtemplate_tmp_muskip=\muskip16
\l__xtemplate_tmp_skip=\skip49
)
\l__xeCJK_tmp_int=\count266
\l__xeCJK_tmp_box=\box52
\l__xeCJK_tmp_dim=\dimen141
\l__xeCJK_tmp_skip=\skip50
\g__xeCJK_space_factor_int=\count267
\l__xeCJK_begin_int=\count268
\l__xeCJK_end_int=\count269
\c__xeCJK_CJK_class_int=\XeTeXcharclass1
\c__xeCJK_FullLeft_class_int=\XeTeXcharclass2
\c__xeCJK_FullRight_class_int=\XeTeXcharclass3
\c__xeCJK_HalfLeft_class_int=\XeTeXcharclass4
\c__xeCJK_HalfRight_class_int=\XeTeXcharclass5
\c__xeCJK_NormalSpace_class_int=\XeTeXcharclass6
\c__xeCJK_CM_class_int=\XeTeXcharclass7
\c__xeCJK_HangulJamo_class_int=\XeTeXcharclass8
\l__xeCJK_last_skip=\skip51
\g__xeCJK_node_int=\count270
\c__xeCJK_CJK_node_dim=\dimen142
\c__xeCJK_CJK-space_node_dim=\dimen143
\c__xeCJK_default_node_dim=\dimen144
\c__xeCJK_default-space_node_dim=\dimen145
\c__xeCJK_CJK-widow_node_dim=\dimen146
\c__xeCJK_normalspace_node_dim=\dimen147
\l__xeCJK_ccglue_skip=\skip52
\l__xeCJK_ecglue_skip=\skip53
\l__xeCJK_punct_kern_skip=\skip54
\l__xeCJK_last_penalty_int=\count271
\l__xeCJK_last_bound_dim=\dimen148
\l__xeCJK_last_kern_dim=\dimen149
\l__xeCJK_widow_penalty_int=\count272

Package xtemplate Info: Declaring object type 'xeCJK/punctuation' taking 0
(xtemplate)             argument(s) on line 2337.

\l__xeCJK_fixed_punct_width_dim=\dimen150
\l__xeCJK_mixed_punct_width_dim=\dimen151
\l__xeCJK_middle_punct_width_dim=\dimen152
\l__xeCJK_fixed_margin_width_dim=\dimen153
\l__xeCJK_mixed_margin_width_dim=\dimen154
\l__xeCJK_middle_margin_width_dim=\dimen155
\l__xeCJK_bound_punct_width_dim=\dimen156
\l__xeCJK_bound_margin_width_dim=\dimen157
\l__xeCJK_margin_minimum_dim=\dimen158
\l__xeCJK_kerning_total_width_dim=\dimen159
\l__xeCJK_same_align_margin_dim=\dimen160
\l__xeCJK_different_align_margin_dim=\dimen161
\l__xeCJK_kerning_margin_width_dim=\dimen162
\l__xeCJK_kerning_margin_minimum_dim=\dimen163
\l__xeCJK_bound_dim=\dimen164
\l__xeCJK_reverse_bound_dim=\dimen165
\l__xeCJK_margin_dim=\dimen166
\l__xeCJK_minimum_bound_dim=\dimen167
\l__xeCJK_kerning_margin_dim=\dimen168
\g__xeCJK_family_int=\count273
\l__xeCJK_fam_int=\count274
\g__xeCJK_fam_allocation_int=\count275
\l__xeCJK_verb_case_int=\count276
\l__xeCJK_verb_exspace_skip=\skip55
 (fontspec.sty
Package: fontspec 2022/01/15 v2.8a Font selection for XeLaTeX and LuaLaTeX

(fontspec-xetex.sty
Package: fontspec-xetex 2022/01/15 v2.8a Font selection for XeLaTeX and LuaLaTe
X
\l__fontspec_script_int=\count277
\l__fontspec_language_int=\count278
\l__fontspec_strnum_int=\count279
\l__fontspec_tmp_int=\count280
\l__fontspec_tmpa_int=\count281
\l__fontspec_tmpb_int=\count282
\l__fontspec_tmpc_int=\count283
\l__fontspec_em_int=\count284
\l__fontspec_emdef_int=\count285
\l__fontspec_strong_int=\count286
\l__fontspec_strongdef_int=\count287
\l__fontspec_tmpa_dim=\dimen169
\l__fontspec_tmpb_dim=\dimen170
\l__fontspec_tmpc_dim=\dimen171
 (fontenc.sty
Package: fontenc 2021/04/29 v2.0v Standard LaTeX package
) (fontspec.cfg))) (xeCJK.cfg
File: xeCJK.cfg 2021/12/12 v3.8.8 Configuration file for xeCJK package
))
\ccwd=\dimen172
\l__ctex_ccglue_skip=\skip56
)
\l__ctex_ziju_dim=\dimen173
 (zhnumber.sty
Package: zhnumber 2020/05/01 v2.8 Typesetting numbers with Chinese glyphs
\l__zhnum_scale_int=\count288

(zhnumber-utf8.cfg
File: zhnumber-utf8.cfg 2020/05/01 v2.8 Chinese numerals with UTF8 encoding
))
\l__ctex_heading_skip=\skip57
 (ctex-scheme-chinese-article.def
File: ctex-scheme-chinese-article.def 2021/12/12 v2.5.8 Chinese scheme for arti
cle (CTEX)
 (ctex-name-utf8.cfg
File: ctex-name-utf8.cfg 2021/12/12 v2.5.8 Caption with encoding UTF-8 (CTEX)
))
(ctex-c5size.clo
File: ctex-c5size.clo 2021/12/12 v2.5.8 c5size option (CTEX)
)) (ctex.cfg
File: ctex.cfg 2021/12/12 v2.5.8 Configuration file (CTEX)
)

Package fontspec Warning: Font "Songti SC" does not contain requested Script
(fontspec)                "CJK".


Package fontspec Info: Could not resolve font "Kaiti SC/B" (it probably
(fontspec)             doesn't exist).


Package fontspec Info: Could not resolve font "Songti SC Bold/I" (it probably
(fontspec)             doesn't exist).


Package fontspec Info: Font family 'SongtiSC(0)' created for font 'Songti SC'
(fontspec)             with options [Script={CJK},BoldFont={Songti SC
(fontspec)             Bold},ItalicFont={Kaiti SC}].
(fontspec)              
(fontspec)              This font family consists of the following NFSS
(fontspec)             series/shapes:
(fontspec)              
(fontspec)             - 'normal' (m/n) with NFSS spec.: <->"Songti
(fontspec)             SC/OT:language=dflt;"
(fontspec)             - 'small caps'  (m/sc) with NFSS spec.: 
(fontspec)             - 'bold' (b/n) with NFSS spec.: <->"Songti SC
(fontspec)             Bold/OT:language=dflt;"
(fontspec)             - 'bold small caps'  (b/sc) with NFSS spec.: 
(fontspec)             - 'italic' (m/it) with NFSS spec.: <->"Kaiti
(fontspec)             SC/OT:language=dflt;"
(fontspec)             - 'italic small caps'  (m/scit) with NFSS spec.: 
(fontspec)             - 'bold italic' (b/it) with NFSS spec.: <->"Songti
(fontspec)             SC/BI/OT:language=dflt;"
(fontspec)             - 'bold italic small caps'  (b/scit) with NFSS spec.: 

(shumo.sty (textcomp.sty
Package: textcomp 2020/02/02 v2.0n Standard LaTeX package
) (booktabs.sty
Package: booktabs 2020/01/12 v1.61803398 Publication quality tables
\heavyrulewidth=\dimen174
\lightrulewidth=\dimen175
\cmidrulewidth=\dimen176
\belowrulesep=\dimen177
\belowbottomsep=\dimen178
\aboverulesep=\dimen179
\abovetopsep=\dimen180
\cmidrulesep=\dimen181
\cmidrulekern=\dimen182
\defaultaddspace=\dimen183
\@cmidla=\count289
\@cmidlb=\count290
\@aboverulesep=\dimen184
\@belowrulesep=\dimen185
\@thisruleclass=\count291
\@lastruleclass=\count292
\@thisrulewidth=\dimen186
) (color.sty
Package: color 2021/12/07 v1.3c Standard LaTeX Color (DPC)
 (color.cfg
File: color.cfg 2016/01/02 v1.6 sample color configuration
)
Package color Info: Driver file: xetex.def on input line 149.
 (xetex.def
File: xetex.def 2021/03/18 v5.0k Graphics/color driver for xetex
)
(dvipsnam.def
File: dvipsnam.def 2016/06/17 v3.0m Driver-dependent file (DPC,SPQR)
)) (colortbl.sty
Package: colortbl 2020/01/04 v1.0e Color table columns (DPC)
 (array.sty
Package: array 2021/10/04 v2.5f Tabular extension package (FMi)
\col@sep=\dimen187
\ar@mcellbox=\box53
\extrarowheight=\dimen188
\NC@list=\toks16
\extratabsurround=\skip58
\backup@length=\skip59
\ar@cellbox=\box54
)
\everycr=\toks17
\minrowclearance=\skip60
) (arydshln.sty
Package: arydshln 2019/02/21 v1.76 
\dashlinedash=\dimen189
\dashlinegap=\dimen190
\adl@box=\box55
\adl@height=\dimen191
\adl@heightsave=\dimen192
\adl@depth=\dimen193
\adl@depthsave=\dimen194
\adl@finaldepth=\dimen195
\adl@columns=\count293
\adl@ncol=\count294
\adl@currentcolumn=\count295
\adl@currentcolumnsave=\count296
\adl@totalheight=\count297
\adl@totalheightsave=\count298
\adl@dash=\count299
\adl@gap=\count300
\adl@cla=\count301
\adl@clb=\count302
\adl@everyvbox=\toks18
\adl@LTpagetotal=\dimen196
) (amsmath.sty
Package: amsmath 2021/10/15 v2.17l AMS math features
\@mathmargin=\skip61

For additional information on amsmath, use the `?' option.
(amstext.sty
Package: amstext 2021/08/26 v2.01 AMS text
 (amsgen.sty
File: amsgen.sty 1999/11/30 v2.0 generic functions
\@emptytoks=\toks19
\ex@=\dimen197
)) (amsbsy.sty
Package: amsbsy 1999/11/29 v1.2d Bold Symbols
\pmbraise@=\dimen198
) (amsopn.sty
Package: amsopn 2021/08/26 v2.02 operator names
)
\inf@bad=\count303
LaTeX Info: Redefining \frac on input line 234.
\uproot@=\count304
\leftroot@=\count305
LaTeX Info: Redefining \overline on input line 399.
\classnum@=\count306
\DOTSCASE@=\count307
LaTeX Info: Redefining \ldots on input line 496.
LaTeX Info: Redefining \dots on input line 499.
LaTeX Info: Redefining \cdots on input line 620.
\Mathstrutbox@=\box56
\strutbox@=\box57
\big@size=\dimen199
LaTeX Font Info:    Redeclaring font encoding OML on input line 743.
LaTeX Font Info:    Redeclaring font encoding OMS on input line 744.
\macc@depth=\count308
\c@MaxMatrixCols=\count309
\dotsspace@=\muskip17
\c@parentequation=\count310
\dspbrk@lvl=\count311
\tag@help=\toks20
\row@=\count312
\column@=\count313
\maxfields@=\count314
\andhelp@=\toks21
\eqnshift@=\dimen256
\alignsep@=\dimen257
\tagshift@=\dimen258
\tagwidth@=\dimen259
\totwidth@=\dimen260
\lineht@=\dimen261
\@envbody=\toks22
\multlinegap=\skip62
\multlinetaggap=\skip63
\mathdisplay@stack=\toks23
LaTeX Info: Redefining \[ on input line 2938.
LaTeX Info: Redefining \] on input line 2939.
) (graphicx.sty
Package: graphicx 2021/09/16 v1.2d Enhanced LaTeX Graphics (DPC,SPQR)
 (keyval.sty
Package: keyval 2014/10/28 v1.15 key=value parser (DPC)
\KV@toks@=\toks24
) (graphics.sty
Package: graphics 2021/03/04 v1.4d Standard LaTeX Graphics (DPC,SPQR)
 (trig.sty
Package: trig 2021/08/11 v1.11 sin cos tan (DPC)
) (graphics.cfg
File: graphics.cfg 2016/06/04 v1.11 sample graphics configuration
)
Package graphics Info: Driver file: xetex.def on input line 107.
)
\Gin@req@height=\dimen262
\Gin@req@width=\dimen263
) (options.sty
Package: options 2015/03/01, Daan Leijen, Provides convenient path-value (or ke
y-value) options
 (etoolbox.sty
Package: etoolbox 2020/10/05 v2.5k e-TeX tools for LaTeX (JAW)
\etb@tempcnta=\count315
)
(xcolor.sty
Package: xcolor 2021/10/31 v2.13 LaTeX color extensions (UK)
 (color.cfg
File: color.cfg 2016/01/02 v1.6 sample color configuration
)
Package xcolor Info: Driver file: xetex.def on input line 227.
LaTeX Info: Redefining \color on input line 711.
Package xcolor Info: Model `cmy' substituted by `cmy0' on input line 1352.
Package xcolor Info: Model `RGB' extended on input line 1368.
Package xcolor Info: Model `HTML' substituted by `rgb' on input line 1370.
Package xcolor Info: Model `Hsb' substituted by `hsb' on input line 1371.
Package xcolor Info: Model `tHsb' substituted by `hsb' on input line 1372.
Package xcolor Info: Model `HSB' substituted by `hsb' on input line 1373.
Package xcolor Info: Model `Gray' substituted by `gray' on input line 1374.
Package xcolor Info: Model `wave' substituted by `hsb' on input line 1375.
)
\opt@nesting=\count316
\opt@idx=\count317
\opt@choiceord=\count318
) (geometry.sty
Package: geometry 2020/01/02 v5.9 Page Geometry
 (ifvtex.sty
Package: ifvtex 2019/10/25 v1.7 ifvtex legacy package. Use iftex instead.
 (iftex.sty
Package: iftex 2022/02/03 v1.0f TeX engine tests
))
\Gm@cnth=\count319
\Gm@cntv=\count320
\c@Gm@tempcnt=\count321
\Gm@bindingoffset=\dimen264
\Gm@wd@mp=\dimen265
\Gm@odd@mp=\dimen266
\Gm@even@mp=\dimen267
\Gm@layoutwidth=\dimen268
\Gm@layoutheight=\dimen269
\Gm@layouthoffset=\dimen270
\Gm@layoutvoffset=\dimen271
\Gm@dimlist=\toks25
) (verbatim.sty
Package: verbatim 2020-07-07 v1.5u LaTeX2e package for verbatim enhancements
\every@verbatim=\toks26
\verbatim@line=\toks27
\verbatim@in@stream=\read2
) (float.sty
Package: float 2001/11/08 v1.3d Float enhancements (AL)
\c@float@type=\count322
\float@exts=\toks28
\float@box=\box58
\@float@everytoks=\toks29
\@floatcapt=\box59
) (subfig.sty
Package: subfig 2005/06/28 ver: 1.3 subfig package
 (caption.sty
Package: caption 2022/03/01 v3.6b Customizing captions (AR)
 (caption3.sty
Package: caption3 2022/03/17 v2.3b caption3 kernel (AR)
\caption@tempdima=\dimen272
\captionmargin=\dimen273
\caption@leftmargin=\dimen274
\caption@rightmargin=\dimen275
\caption@width=\dimen276
\caption@indent=\dimen277
\caption@parindent=\dimen278
\caption@hangindent=\dimen279
Package caption Info: Standard document class detected.
)
\c@caption@flags=\count323
\c@continuedfloat=\count324
Package caption Info: float package is loaded.
)
\c@KVtest=\count325
\sf@farskip=\skip64
\sf@captopadj=\dimen280
\sf@capskip=\skip65
\sf@nearskip=\skip66
\c@subfigure=\count326
\c@subfigure@save=\count327
\c@lofdepth=\count328
\c@subtable=\count329
\c@subtable@save=\count330
\c@lotdepth=\count331
\sf@top=\skip67
\sf@bottom=\skip68
)

Package ctex Warning: Package `ctex' can not be loaded with `ctexart'.

(titlesec.sty
Package: titlesec 2021/07/05 v2.14 Sectioning titles
\ttl@box=\box60
\beforetitleunit=\skip69
\aftertitleunit=\skip70
\ttl@plus=\dimen281
\ttl@minus=\dimen282
\ttl@toksa=\toks30
\titlewidth=\dimen283
\titlewidthlast=\dimen284
\titlewidthfirst=\dimen285
) (titlecaps.sty
Package: titlecaps 2015/01/30 V1.2 Routines for setting rich-text input into Ti
tling Caps
 (ifnextok.sty
Package: ifnextok 2011/06/27 v0.3 test next token (UL)
) (ifthen.sty
Package: ifthen 2020/11/24 v1.1c Standard LaTeX ifthen package (DPC)
)
\c@lcword@index=\count332
\c@word@count=\count333
\c@lc@words=\count334
\c@dia@count=\count335
\c@arg@@@index=\count336
) (xunicode.sty
File: xunicode.sty 2011/09/09 v0.981 provides access to latin accents and many 
other characters in Unicode lower plane

(t3enc.def
File: t3enc.def 2001/12/31 T3 encoding


Package fontspec Warning: Font "Heiti SC" does not contain requested Script
(fontspec)                "CJK".


Package fontspec Info: Could not resolve font "Heiti SC Medium/I" (it probably
(fontspec)             doesn't exist).


Package fontspec Info: Could not resolve font "Heiti SC/I" (it probably
(fontspec)             doesn't exist).


Package fontspec Info: Font family 'HeitiSC(0)' created for font 'Heiti SC'
(fontspec)             with options [Script={CJK},BoldFont={Heiti SC Medium}].
(fontspec)              
(fontspec)              This font family consists of the following NFSS
(fontspec)             series/shapes:
(fontspec)              
(fontspec)             - 'normal' (m/n) with NFSS spec.: <->"Heiti
(fontspec)             SC/OT:language=dflt;"
(fontspec)             - 'small caps'  (m/sc) with NFSS spec.: 
(fontspec)             - 'bold' (b/n) with NFSS spec.: <->"Heiti SC
(fontspec)             Medium/OT:language=dflt;"
(fontspec)             - 'bold small caps'  (b/sc) with NFSS spec.: 
(fontspec)             - 'bold italic' (b/it) with NFSS spec.: <->"Heiti
(fontspec)             SC/BI/OT:language=dflt;"
(fontspec)             - 'bold italic small caps'  (b/scit) with NFSS spec.: 

)
\tipaTiiicode=\count337
\tipasavetokens=\toks31
\tipachecktokens=\toks32
) (gensymb.sty
Package: gensymb 2003/07/02 v1.0 (WaS)
) (listings.sty
\lst@mode=\count338
\lst@gtempboxa=\box61
\lst@token=\toks33
\lst@length=\count339
\lst@currlwidth=\dimen286
\lst@column=\count340
\lst@pos=\count341
\lst@lostspace=\dimen287
\lst@width=\dimen288
\lst@newlines=\count342
\lst@lineno=\count343
\lst@maxwidth=\dimen289
 (lstmisc.sty
File: lstmisc.sty 2020/03/24 1.8d (Carsten Heinz)
\c@lstnumber=\count344
\lst@skipnumbers=\count345
\lst@framebox=\box62
) (listings.cfg
File: listings.cfg 2020/03/24 1.8d listings configuration
))
Package: listings 2020/03/24 1.8d (Carsten Heinz)

(xeCJK-listings.sty
Package: xeCJK-listings 2021/12/12 v3.8.8 xeCJK patch file for listings
\l__xeCJK_listings_max_char_int=\count346
\l__xeCJK_listings_flag_int=\count347
) (type1cm.sty
Package: type1cm 2002/09/05 v0.04 BlueSky/Y&Y Type1 CM font definitions (DPC, p
atched RF)
) (fancyhdr.sty
Package: fancyhdr 2021/01/28 v4.0.1 Extensive control of page headers and foote
rs
\f@nch@headwidth=\skip71
\f@nch@O@elh=\skip72
\f@nch@O@erh=\skip73
\f@nch@O@olh=\skip74
\f@nch@O@orh=\skip75
\f@nch@O@elf=\skip76
\f@nch@O@erf=\skip77
\f@nch@O@olf=\skip78
\f@nch@O@orf=\skip79
) (babel.sty
Package: babel 2022/02/26 3.73 The Babel package
\babel@savecnt=\count348
\U@D=\dimen290
\l@unhyphenated=\language87
 (xebabel.def
(txtbabel.def))
\bbl@readstream=\read3
\bbl@dirlevel=\count349
Package babel Info: You haven't specified a language. I'll use 'nil'
(babel)             as the main language. Reported on input line 4305.
 (nil.ldf
Language: nil 2022/02/26 3.73 Nil language
\l@nil=\language88
)) (threeparttable.sty
Package: threeparttable 2003/06/13  v 3.0
\@tempboxb=\box63
) (titletoc.sty
Package: titletoc 2021/07/05 v2.14 TOC entries
\ttl@leftsep=\dimen291
) (enumitem.sty
Package: enumitem 2019/06/20 v3.9 Customized lists
\labelindent=\skip80
\enit@outerparindent=\dimen292
\enit@toks=\toks34
\enit@inbox=\box64
\enit@count@id=\count350
\enitdp@description=\count351
)
(setspace.sty
Package: setspace 2011/12/19 v6.7a set line spacing
)) (amssymb.sty
Package: amssymb 2013/01/14 v3.01 AMS font symbols
 (amsfonts.sty
Package: amsfonts 2013/01/14 v3.01 Basic AMSFonts support
\symAMSa=\mathgroup4
\symAMSb=\mathgroup5
LaTeX Font Info:    Redeclaring math symbol \hbar on input line 98.
LaTeX Font Info:    Overwriting math alphabet `\mathfrak' in version `bold'
(Font)                  U/euf/m/n --> U/euf/b/n on input line 106.
)) (url.sty
\Urlmuskip=\muskip18
Package: url 2013/09/16  ver 3.4  Verb mode for urls, etc.
) (xunicode-addon.sty
Package: xunicode-addon 2021/12/12 v3.8.8 addon file for xunicode
\l__xunadd_tmp_coffin=\box65
\l__xunadd_circle_coffin=\box66
\l_xunadd_slot_int=\count352
)
(xunicode.sty
File: xunicode.sty 2011/09/09 v0.981 provides access to latin accents and many 
other characters in Unicode lower plane

*** Reloading Xunicode for encoding 'TU' ***
) (xunicode-extra.def
File: xunicode-extra.def 2021/12/12 v3.8.8 extra definition for xunicode
) (main.aux)
\openout1 = `main.aux'.

LaTeX Font Info:    Checking defaults for OML/cmm/m/it on input line 57.
LaTeX Font Info:    ... okay on input line 57.
LaTeX Font Info:    Checking defaults for OMS/cmsy/m/n on input line 57.
LaTeX Font Info:    ... okay on input line 57.
LaTeX Font Info:    Checking defaults for OT1/cmr/m/n on input line 57.
LaTeX Font Info:    ... okay on input line 57.
LaTeX Font Info:    Checking defaults for T1/cmr/m/n on input line 57.
LaTeX Font Info:    ... okay on input line 57.
LaTeX Font Info:    Checking defaults for TS1/cmr/m/n on input line 57.
LaTeX Font Info:    ... okay on input line 57.
LaTeX Font Info:    Checking defaults for TU/lmr/m/n on input line 57.
LaTeX Font Info:    ... okay on input line 57.
LaTeX Font Info:    Checking defaults for OMX/cmex/m/n on input line 57.
LaTeX Font Info:    ... okay on input line 57.
LaTeX Font Info:    Checking defaults for U/cmr/m/n on input line 57.
LaTeX Font Info:    ... okay on input line 57.
LaTeX Font Info:    Checking defaults for T3/cmr/m/n on input line 57.
LaTeX Font Info:    Trying to load font information for T3+cmr on input line 57
.
 (t3cmr.fd
File: t3cmr.fd 2001/12/31 TIPA font definitions
)
LaTeX Font Info:    ... okay on input line 57.

Package fontspec Info: Adjusting the maths setup (use [no-math] to avoid
(fontspec)             this).

\symlegacymaths=\mathgroup6
LaTeX Font Info:    Overwriting symbol font `legacymaths' in version `bold'
(Font)                  OT1/cmr/m/n --> OT1/cmr/bx/n on input line 57.
LaTeX Font Info:    Redeclaring math accent \acute on input line 57.
LaTeX Font Info:    Redeclaring math accent \grave on input line 57.
LaTeX Font Info:    Redeclaring math accent \ddot on input line 57.
LaTeX Font Info:    Redeclaring math accent \tilde on input line 57.
LaTeX Font Info:    Redeclaring math accent \bar on input line 57.
LaTeX Font Info:    Redeclaring math accent \breve on input line 57.
LaTeX Font Info:    Redeclaring math accent \check on input line 57.
LaTeX Font Info:    Redeclaring math accent \hat on input line 57.
LaTeX Font Info:    Redeclaring math accent \dot on input line 57.
LaTeX Font Info:    Redeclaring math accent \mathring on input line 57.
LaTeX Font Info:    Redeclaring math symbol \Gamma on input line 57.
LaTeX Font Info:    Redeclaring math symbol \Delta on input line 57.
LaTeX Font Info:    Redeclaring math symbol \Theta on input line 57.
LaTeX Font Info:    Redeclaring math symbol \Lambda on input line 57.
LaTeX Font Info:    Redeclaring math symbol \Xi on input line 57.
LaTeX Font Info:    Redeclaring math symbol \Pi on input line 57.
LaTeX Font Info:    Redeclaring math symbol \Sigma on input line 57.
LaTeX Font Info:    Redeclaring math symbol \Upsilon on input line 57.
LaTeX Font Info:    Redeclaring math symbol \Phi on input line 57.
LaTeX Font Info:    Redeclaring math symbol \Psi on input line 57.
LaTeX Font Info:    Redeclaring math symbol \Omega on input line 57.
LaTeX Font Info:    Redeclaring math symbol \mathdollar on input line 57.
LaTeX Font Info:    Redeclaring symbol font `operators' on input line 57.
LaTeX Font Info:    Encoding `OT1' has changed to `TU' for symbol font
(Font)              `operators' in the math version `normal' on input line 57.
LaTeX Font Info:    Overwriting symbol font `operators' in version `normal'
(Font)                  OT1/cmr/m/n --> TU/lmr/m/n on input line 57.
LaTeX Font Info:    Encoding `OT1' has changed to `TU' for symbol font
(Font)              `operators' in the math version `bold' on input line 57.
LaTeX Font Info:    Overwriting symbol font `operators' in version `bold'
(Font)                  OT1/cmr/bx/n --> TU/lmr/m/n on input line 57.
LaTeX Font Info:    Overwriting symbol font `operators' in version `normal'
(Font)                  TU/lmr/m/n --> TU/lmr/m/n on input line 57.
LaTeX Font Info:    Overwriting math alphabet `\mathit' in version `normal'
(Font)                  OT1/cmr/m/it --> TU/lmr/m/it on input line 57.
LaTeX Font Info:    Overwriting math alphabet `\mathbf' in version `normal'
(Font)                  OT1/cmr/bx/n --> TU/lmr/b/n on input line 57.
LaTeX Font Info:    Overwriting math alphabet `\mathsf' in version `normal'
(Font)                  OT1/cmss/m/n --> TU/lmss/m/n on input line 57.
LaTeX Font Info:    Overwriting math alphabet `\mathtt' in version `normal'
(Font)                  OT1/cmtt/m/n --> TU/lmtt/m/n on input line 57.
LaTeX Font Info:    Overwriting symbol font `operators' in version `bold'
(Font)                  TU/lmr/m/n --> TU/lmr/b/n on input line 57.
LaTeX Font Info:    Overwriting math alphabet `\mathit' in version `bold'
(Font)                  OT1/cmr/bx/it --> TU/lmr/b/it on input line 57.
LaTeX Font Info:    Overwriting math alphabet `\mathsf' in version `bold'
(Font)                  OT1/cmss/bx/n --> TU/lmss/b/n on input line 57.
LaTeX Font Info:    Overwriting math alphabet `\mathtt' in version `bold'
(Font)                  OT1/cmtt/m/n --> TU/lmtt/b/n on input line 57.

*geometry* driver: auto-detecting
*geometry* detected driver: xetex
*geometry* verbose mode - [ preamble ] result:
* driver: xetex
* paper: a4paper
* layout: <same size as paper>
* layoutoffset:(h,v)=(0.0pt,0.0pt)
* modes: 
* h-part:(L,W,R)=(71.13188pt, 455.24411pt, 71.13188pt)
* v-part:(T,H,B)=(71.13188pt, 702.78308pt, 71.13188pt)
* \paperwidth=597.50787pt
* \paperheight=845.04684pt
* \textwidth=455.24411pt
* \textheight=702.78308pt
* \oddsidemargin=-1.1381pt
* \evensidemargin=-1.1381pt
* \topmargin=-38.1381pt
* \headheight=12.0pt
* \headsep=25.0pt
* \topskip=10.0pt
* \footskip=30.0pt
* \marginparwidth=65.0pt
* \marginparsep=11.0pt
* \columnsep=10.0pt
* \skip\footins=9.0pt plus 4.0pt minus 2.0pt
* \hoffset=0.0pt
* \voffset=0.0pt
* \mag=1000
* \@twocolumnfalse
* \@twosidefalse
* \@mparswitchfalse
* \@reversemarginfalse
* (1in=72.27pt=25.4mm, 1cm=28.453pt)

Package caption Info: Begin \AtBeginDocument code.
Package caption Info: subfig package v1.3 is loaded.
Package caption Info: listings package is loaded.
Package caption Info: threeparttable package is loaded.
Package caption Info: End \AtBeginDocument code.
\symgns@font=\mathgroup7
LaTeX Font Info:    Overwriting symbol font `gns@font' in version `bold'
(Font)                  TS1/lmr/m/n --> TS1/lmr/b/n on input line 57.
Package gensymb Info: Math companion symbols declared on input line 57.
LaTeX Info: Redefining \degree on input line 57.
LaTeX Info: Redefining \celsius on input line 57.
Package gensymb Info: Using text companion symbols for \degree, \celsius and \p
erthousand on input line 57.
LaTeX Info: Redefining \ohm on input line 57.
Package gensymb Info: Using \textohm for \ohm on input line 57.
Package gensymb Info: Using \textmu for \micro on input line 57.
\c@lstlisting=\count353
LaTeX Font Info:    Calculating math sizes for size <12.1> on input line 66.
[1

]

Package fontspec Warning: Font "Heiti SC" does not contain requested Script
(fontspec)                "CJK".

(main.toc [2])
\tf@toc=\write3
\openout3 = `main.toc'.

 [3] [4] [5]
Underfull \hbox (badness 10000) in paragraph at lines 159--159
[]|\TU/SongtiSC(0)/m/n/10.53937 离 散 单 元、|
 []


Underfull \hbox (badness 10000) in paragraph at lines 159--159
\TU/lmr/m/n/10.53937 EVP/mEVP\TU/SongtiSC(0)/m/n/10.53937 、|
 []


Underfull \hbox (badness 4940) in paragraph at lines 159--160
[]|\TU/SongtiSC(0)/m/n/10.53937 采 用 \TU/lmr/m/n/10.53937 VP \TU/SongtiSC(0)/m/n
/10.53937 保 留 大
 []


Underfull \hbox (badness 10000) in paragraph at lines 159--160
\TU/SongtiSC(0)/m/n/10.53937 尺 度 应 力 传 递；|
 []


Underfull \hbox (badness 5607) in paragraph at lines 159--160
\TU/lmr/m/n/10.53937 EVP/mEVP \TU/SongtiSC(0)/m/n/10.53937 仅 作
 []


Underfull \hbox (badness 3068) in paragraph at lines 160--161
\TU/SongtiSC(0)/m/n/10.53937 与 重 复 正 演 成 本 间
 []


Underfull \hbox (badness 3068) in paragraph at lines 161--162
[]|\TU/SongtiSC(0)/m/n/10.53937 二 维 参 数 采 用 确 定
 []


Underfull \hbox (badness 3068) in paragraph at lines 161--162
\TU/SongtiSC(0)/m/n/10.53937 性 网 格 与 差 分 进 化
 []


Underfull \hbox (badness 10000) in paragraph at lines 163--164
[]|\TU/SongtiSC(0)/m/n/10.53937 采 用 时 间 分 层
 []

[6]
Underfull \hbox (badness 4872) in paragraph at lines 194--194
[]|\TU/SongtiSC(0)/m/n/10.53937 量 纲 分 析、|  五 力 量
 []


Underfull \hbox (badness 3568) in paragraph at lines 195--195
[]|\TU/SongtiSC(0)/m/n/10.53937 有 限 差 分、| \TU/lmr/m/n/10.53937 Picard–
 []


Underfull \hbox (badness 10000) in paragraph at lines 195--195
\TU/lmr/m/n/10.53937 GMRES\TU/SongtiSC(0)/m/n/10.53937 、| \TU/lmr/m/n/10.53937 
IMEX\TU/SongtiSC(0)/m/n/10.53937 、|
 []


Underfull \hbox (badness 10000) in paragraph at lines 195--195
\TU/lmr/m/n/10.53937 Anderson\TU/SongtiSC(0)/m/n/10.53937 、| \TU/lmr/m/n/10.539
37 ILU/\TU/SongtiSC(0)/m/n/10.53937 直
 []


Underfull \hbox (badness 10000) in paragraph at lines 195--196
[]|\TU/SongtiSC(0)/m/n/10.53937 残 差\TU/lmr/m/n/10.53937 /\TU/SongtiSC(0)/m/n/10
.53937 守 恒\TU/lmr/m/n/10.53937 /\TU/SongtiSC(0)/m/n/10.53937 正 性、|
 []


Underfull \hbox (badness 1009) in paragraph at lines 195--196
\TU/lmr/m/n/10.53937 CFL\TU/SongtiSC(0)/m/n/10.53937 、|  固 定 点 等 价、|
 []


Underfull \hbox (badness 3108) in paragraph at lines 196--196
[]|\TU/SongtiSC(0)/m/n/10.53937 网 格 搜 索、| \TU/lmr/m/n/10.53937 Nelder–
 []


Underfull \hbox (badness 4872) in paragraph at lines 196--197
[]|\TU/SongtiSC(0)/m/n/10.53937 孪 生 试 验  |（误 差 分
 []


Underfull \hbox (badness 10000) in paragraph at lines 198--198
[]|\TU/SongtiSC(0)/m/n/10.53937 完 整 时 间 展 开 图、|
 []


Underfull \hbox (badness 1057) in paragraph at lines 225--226
[]|\TU/SongtiSC(0)/m/n/10.53937 决 定 空 间 分 辨 率 和 每 一 步 推 进
 []


Underfull \hbox (badness 10000) in paragraph at lines 226--227
[]|$\OML/cmm/m/it/10.53937 h[]$ \TU/SongtiSC(0)/m/n/10.53937 为 随 时 间 输 运 的 状 态 
量，|
 []


Underfull \hbox (badness 1057) in paragraph at lines 229--230
[]|\TU/SongtiSC(0)/m/n/10.53937 将 单 位 质 量 加 速 度 换 算 为 单 位
 []


Underfull \hbox (badness 1057) in paragraph at lines 230--231
[]|\TU/SongtiSC(0)/m/n/10.53937 表 示 地 球 自 转 引 起 的 水 平 速 度
 []


Underfull \hbox (badness 1057) in paragraph at lines 232--233
[]|\TU/SongtiSC(0)/m/n/10.53937 控 制 冰 水 相 对 运 动 产 生 的 界 面
 []


Underfull \hbox (badness 1057) in paragraph at lines 234--235
[]|\TU/SongtiSC(0)/m/n/10.53937 分 别 表 示 海 水 对 海 冰 的 摩 擦 作
 []


Underfull \hbox (badness 1057) in paragraph at lines 240--241
[]|\TU/SongtiSC(0)/m/n/10.53937 低 于 该 厚 度 的 网 格 不 再 求 解 连
 []


Underfull \hbox (badness 1057) in paragraph at lines 242--243
[]|\TU/SongtiSC(0)/m/n/10.53937 控 制 初 始 冰 厚 修 正 及 其 背 景 偏
 []


Underfull \hbox (badness 1057) in paragraph at lines 244--245
[]|\TU/SongtiSC(0)/m/n/10.53937 构 成 问 题 五 每 条 航 段 的 时 间 代
 []


Underfull \hbox (badness 1057) in paragraph at lines 245--246
[]|\TU/SongtiSC(0)/m/n/10.53937 用 于 在 时 变 冰 场 中 计 算 航 段 可
 []

[7] [8] [9]
File: figures/problem1_force_magnitudes.png Graphic file (type bmp)
<figures/problem1_force_magnitudes.png>
 [10] [11]
File: figures/problem1_attribution.png Graphic file (type bmp)
<figures/problem1_attribution.png>
 [12]
File: figures/problem2_diagnostic_error_sensitivity.png Graphic file (type bmp)

<figures/problem2_diagnostic_error_sensitivity.png>
 [13] [14]
Underfull \hbox (badness 10000) in paragraph at lines 535--535
[]|\TU/lmr/m/n/10.53937 Newton\TU/SongtiSC(0)/m/n/10.53937 、| \TU/lmr/m/n/10.53
937 Picard\TU/SongtiSC(0)/m/n/10.53937 、|
 []


Underfull \hbox (badness 10000) in paragraph at lines 535--536
[]|\TU/lmr/m/n/10.53937 Picard \TU/SongtiSC(0)/m/n/10.53937 稳 健
 []


Underfull \hbox (badness 10000) in paragraph at lines 535--536
\TU/SongtiSC(0)/m/n/10.53937 线 性 化，|  保 留
 []


Underfull \hbox (badness 1466) in paragraph at lines 535--536
\TU/lmr/m/n/10.53937 EVP/mEVP \TU/SongtiSC(0)/m/n/10.53937 为 并
 []


Underfull \hbox (badness 10000) in paragraph at lines 536--536
[]|\TU/SongtiSC(0)/m/n/10.53937 直 接 \TU/lmr/m/n/10.53937 LU\TU/SongtiSC(0)/m/n/
10.53937 、| \TU/lmr/m/n/10.53937 CG\TU/SongtiSC(0)/m/n/10.53937 、|
 []


Underfull \hbox (badness 10000) in paragraph at lines 536--536
\TU/lmr/m/n/10.53937 BiCGSTAB\TU/SongtiSC(0)/m/n/10.53937 、|
 []


Underfull \hbox (badness 10000) in paragraph at lines 536--536
[]|\TU/SongtiSC(0)/m/n/10.53937 直 接 法 高 网 格 填
 []


Underfull \hbox (badness 10000) in paragraph at lines 536--536
\TU/SongtiSC(0)/m/n/10.53937 定；| \TU/lmr/m/n/10.53937 BiCGSTAB
 []


Underfull \hbox (badness 10000) in paragraph at lines 536--536
\TU/SongtiSC(0)/m/n/10.53937 长 时 稳 健 性 待 检
 []


Underfull \hbox (badness 4156) in paragraph at lines 537--537
[]|\TU/SongtiSC(0)/m/n/10.53937 全 显 式、|  全 隐 式、|
 []


Underfull \hbox (badness 2626) in paragraph at lines 537--537
[]|\TU/SongtiSC(0)/m/n/10.53937 全 显 式 \TU/lmr/m/n/10.53937 CFL \TU/SongtiSC(0)/
m/n/10.53937 失
 []


Underfull \hbox (badness 10000) in paragraph at lines 537--538
[]|\TU/lmr/m/n/10.53937 IMEX–Helmholtz
 []


Underfull \hbox (badness 4156) in paragraph at lines 538--538
[]|\TU/SongtiSC(0)/m/n/10.53937 中 心 差 分、|  迎 风、|
 []


Underfull \hbox (badness 2351) in paragraph at lines 538--538
[]|\TU/SongtiSC(0)/m/n/10.53937 中 心 格 式 易 振 荡；|
 []


Underfull \hbox (badness 10000) in paragraph at lines 538--538
\TU/SongtiSC(0)/m/n/10.53937 高 阶 格 式 实 现 与
 []


Underfull \hbox (badness 10000) in paragraph at lines 539--539
[]|\TU/SongtiSC(0)/m/n/10.53937 松 弛、| \TU/lmr/m/n/10.53937 Aitken\TU/SongtiSC(0
)/m/n/10.53937 、|
 []

[15] [16] [17]
File: figures/problem2_thickness_evolution.png Graphic file (type bmp)
<figures/problem2_thickness_evolution.png>
 [18]
File: figures/problem2_thickness_contour_velocity_24h.png Graphic file (type bm
p)
<figures/problem2_thickness_contour_velocity_24h.png>
File: figures/problem2_center_thickness_timeseries.png Graphic file (type bmp)
<figures/problem2_center_thickness_timeseries.png>
 [19] [20] [21]
File: figures/problem3_objective_contour.png Graphic file (type bmp)
<figures/problem3_objective_contour.png>
File: figures/problem3_twin_contour.png Graphic file (type bmp)
<figures/problem3_twin_contour.png>
 [22] [23] [24]
File: figures/problem4_incremental_48h.png Graphic file (type bmp)
<figures/problem4_incremental_48h.png>
 [25]
File: figures/problem5_concentration_24_48_72h.png Graphic file (type bmp)
<figures/problem5_concentration_24_48_72h.png>
 [26]
File: figures/problem5_route_strict_time_expanded.png Graphic file (type bmp)
<figures/problem5_route_strict_time_expanded.png>
 [27]
Underfull \hbox (badness 3138) in paragraph at lines 1068--1069
[]|\TU/lmr/m/n/10.53937 M0/$\OML/cmm/m/it/10.53937 M[]$\TU/lmr/m/n/10.53937 /$\
OML/cmm/m/it/10.53937 M[]$ \TU/SongtiSC(0)/m/n/10.53937 对
 []


Underfull \hbox (badness 10000) in paragraph at lines 1069--1070
[]|\TU/lmr/m/n/10.53937 40×20 \TU/SongtiSC(0)/m/n/10.53937 与
 []


Underfull \hbox (badness 10000) in paragraph at lines 1069--1070
\TU/lmr/m/n/10.53937 100×50 \TU/SongtiSC(0)/m/n/10.53937 统 计
 []


Underfull \hbox (badness 10000) in paragraph at lines 1070--1070
[]|\TU/SongtiSC(0)/m/n/10.53937 观 测 误 差 与 代
 []

[28] [29] [30] [31] [32] (main.aux) )
Output written on main.xdv (32 pages, 617472 bytes).
